// Jest Snapshot v1, https://jestjs.io/docs/snapshot-testing

exports[`MemberAccountStack Matches snapshot 1`] = `
{
  "Parameters": {
    "BootstrapVersion": {
      "Default": "/cdk-bootstrap/hnb659fds/version",
      "Description": "Version of the CDK Bootstrap resources in this environment, automatically retrieved from SSM Parameter Store. [cdk:skip]",
      "Type": "AWS::SSM::Parameter::Value<String>",
    },
  },
  "Resources": {
    "AutomationRoleC58D7324": {
      "Properties": {
        "AssumeRolePolicyDocument": {
          "Statement": [
            {
              "Action": "sts:AssumeRole",
              "Effect": "Allow",
              "Principal": {
                "Service": "ssm.amazonaws.com",
              },
            },
          ],
          "Version": "2012-10-17",
        },
        "Description": "Role for SSM Automation to remediate cost optimization issues",
        "Policies": [
          {
            "PolicyDocument": {
              "Statement": [
                {
                  "Action": "ec2:ModifyVolume",
                  "Effect": "Allow",
                  "Resource": "*",
                },
              ],
              "Version": "2012-10-17",
            },
            "PolicyName": "RemediationPolicy",
          },
        ],
        "RoleName": {
          "Fn::Join": [
            "",
            [
              "CostOpt-Automation-",
              {
                "Ref": "AWS::Region",
              },
            ],
          ],
        },
      },
      "Type": "AWS::IAM::Role",
    },
    "ConfigBucket2112C5EC": {
      "DeletionPolicy": "Retain",
      "Properties": {
        "BucketEncryption": {
          "ServerSideEncryptionConfiguration": [
            {
              "BucketKeyEnabled": true,
              "ServerSideEncryptionByDefault": {
                "SSEAlgorithm": "AES256",
              },
            },
          ],
        },
        "BucketName": {
          "Fn::Join": [
            "",
            [
              "aws-config-bucket-",
              {
                "Ref": "AWS::AccountId",
              },
              "-",
              {
                "Ref": "AWS::Region",
              },
            ],
          ],
        },
        "LifecycleConfiguration": {
          "Rules": [
            {
              "Status": "Enabled",
              "Transitions": [
                {
                  "StorageClass": "STANDARD_IA",
                  "TransitionInDays": 90,
                },
                {
                  "StorageClass": "GLACIER",
                  "TransitionInDays": 365,
                },
              ],
            },
          ],
        },
        "PublicAccessBlockConfiguration": {
          "BlockPublicAcls": true,
          "BlockPublicPolicy": true,
          "IgnorePublicAcls": true,
          "RestrictPublicBuckets": true,
        },
      },
      "Type": "AWS::S3::Bucket",
      "UpdateReplacePolicy": "Retain",
    },
    "ConfigBucketPolicy6D5E90FF": {
      "Properties": {
        "Bucket": {
          "Ref": "ConfigBucket2112C5EC",
        },
        "PolicyDocument": {
          "Statement": [
            {
              "Action": "s3:*",
              "Condition": {
                "Bool": {
                  "aws:SecureTransport": "false",
                },
              },
              "Effect": "Deny",
              "Principal": {
                "AWS": "*",
              },
              "Resource": [
                {
                  "Fn::GetAtt": [
                    "ConfigBucket2112C5EC",
                    "Arn",
                  ],
                },
                {
                  "Fn::Join": [
                    "",
                    [
                      {
                        "Fn::GetAtt": [
                          "ConfigBucket2112C5EC",
                          "Arn",
                        ],
                      },
                      "/*",
                    ],
                  ],
                },
              ],
            },
            {
              "Action": "s3:GetBucketAcl",
              "Effect": "Allow",
              "Principal": {
                "Service": "config.amazonaws.com",
              },
              "Resource": {
                "Fn::GetAtt": [
                  "ConfigBucket2112C5EC",
                  "Arn",
                ],
              },
              "Sid": "AWSConfigBucketPermissionsCheck",
            },
            {
              "Action": "s3:ListBucket",
              "Effect": "Allow",
              "Principal": {
                "Service": "config.amazonaws.com",
              },
              "Resource": {
                "Fn::GetAtt": [
                  "ConfigBucket2112C5EC",
                  "Arn",
                ],
              },
              "Sid": "AWSConfigBucketExistenceCheck",
            },
            {
              "Action": "s3:PutObject",
              "Condition": {
                "StringEquals": {
                  "s3:x-amz-acl": "bucket-owner-full-control",
                },
              },
              "Effect": "Allow",
              "Principal": {
                "Service": "config.amazonaws.com",
              },
              "Resource": {
                "Fn::Join": [
                  "",
                  [
                    {
                      "Fn::GetAtt": [
                        "ConfigBucket2112C5EC",
                        "Arn",
                      ],
                    },
                    "/*",
                  ],
                ],
              },
              "Sid": "AWSConfigBucketPutObject",
            },
          ],
          "Version": "2012-10-17",
        },
      },
      "Type": "AWS::S3::BucketPolicy",
    },
    "ConfigDeliveryChannel": {
      "DependsOn": [
        "ConfigRecorder",
      ],
      "Properties": {
        "S3BucketName": {
          "Ref": "ConfigBucket2112C5EC",
        },
      },
      "Type": "AWS::Config::DeliveryChannel",
    },
    "ConfigRecorder": {
      "Properties": {
        "RecordingGroup": {
          "AllSupported": true,
          "IncludeGlobalResourceTypes": true,
        },
        "RoleARN": {
          "Fn::GetAtt": [
            "ConfigRoleF94F46B6",
            "Arn",
          ],
        },
      },
      "Type": "AWS::Config::ConfigurationRecorder",
    },
    "ConfigRoleF94F46B6": {
      "Properties": {
        "AssumeRolePolicyDocument": {
          "Statement": [
            {
              "Action": "sts:AssumeRole",
              "Effect": "Allow",
              "Principal": {
                "Service": "config.amazonaws.com",
              },
            },
          ],
          "Version": "2012-10-17",
        },
        "ManagedPolicyArns": [
          {
            "Fn::Join": [
              "",
              [
                "arn:",
                {
                  "Ref": "AWS::Partition",
                },
                ":iam::aws:policy/service-role/ConfigRole",
              ],
            ],
          },
        ],
      },
      "Type": "AWS::IAM::Role",
    },
    "CustomConfigFunctionConfigPermission95034347": {
      "Properties": {
        "Action": "lambda:InvokeFunction",
        "FunctionName": {
          "Fn::GetAtt": [
            "CustomConfigFunctionDE240346",
            "Arn",
          ],
        },
        "Principal": "config.amazonaws.com",
      },
      "Type": "AWS::Lambda::Permission",
    },
    "CustomConfigFunctionCustomRulePermissionXogMcOcBfKkfAgTC3zxpecyWNuSNTUwy6QrCZdRtCdw58BB1932": {
      "Properties": {
        "Action": "lambda:InvokeFunction",
        "FunctionName": {
          "Fn::GetAtt": [
            "CustomConfigFunctionDE240346",
            "Arn",
          ],
        },
        "Principal": "config.amazonaws.com",
        "SourceAccount": "123456789012",
      },
      "Type": "AWS::Lambda::Permission",
    },
    "CustomConfigFunctionDE240346": {
      "DependsOn": [
        "CustomConfigFunctionRole80E9182A",
      ],
      "Properties": {
        "Architectures": [
          "arm64",
        ],
        "Code": {
          "ZipFile": """"
Combined AWS Config Rules Lambda Function for Member Accounts.
Contains evaluation logic for all cost optimization rules:
- EBS GP3 (gp2 -> gp3 conversion)
- EBS Unattached (unattached volume detection)
- S3 Lifecycle (lifecycle policy enforcement)
"""
import datetime
import json
import boto3

AWS_CONFIG_CLIENT = boto3.client("config")


def evaluate_compliance(configuration_item, rule_parameters):
    """
    Dispatch to the appropriate rule-specific evaluator.
    Rule evaluators are named: {customFunctionPrefix}_evaluate_compliance
    """
    rule_eval = globals()[
        f"{rule_parameters['customFunctionPrefix']}_evaluate_compliance"
    ]
    return rule_eval(configuration_item, rule_parameters)


def check_defined(reference, reference_name):
    """Ensure a required parameter is defined."""
    if not reference:
        raise Exception("Error: ", reference_name, "is not defined")
    return reference


def is_oversized_changed_notification(message_type):
    """Check if this is an oversized configuration notification."""
    check_defined(message_type, "messageType")
    return message_type == "OversizedConfigurationItemChangeNotification"


def get_configuration(resource_type, resource_id, configuration_capture_time=None):
    """Retrieve configuration history for a resource."""
    request = {
        "resourceType": resource_type,
        "resourceId": resource_id,
        "limit": 1,
    }
    if configuration_capture_time:
        request["laterTime"] = (configuration_capture_time,)
    result = AWS_CONFIG_CLIENT.get_resource_config_history(**request)
    configuration_item = result["configurationItems"][0]
    return convert_api_configuration(configuration_item)


def convert_api_configuration(configuration_item):
    """Convert API configuration format to Config rule format."""
    for k, v in configuration_item.items():
        if isinstance(v, datetime.datetime):
            configuration_item[k] = str(v)
    configuration_item["awsAccountId"] = configuration_item["accountId"]
    configuration_item["ARN"] = configuration_item["arn"]
    configuration_item["configurationStateMd5Hash"] = configuration_item[
        "configurationItemMD5Hash"
    ]
    configuration_item["configurationItemVersion"] = configuration_item["version"]
    configuration_item["configuration"] = json.loads(
        configuration_item["configuration"]
    )
    if "relationships" in configuration_item:
        for i in range(len(configuration_item["relationships"])):
            configuration_item["relationships"][i]["name"] = configuration_item[
                "relationships"
            ][i]["relationshipName"]
    return configuration_item


def get_configuration_item(invoking_event):
    """Extract configuration item from the invoking event."""
    check_defined(invoking_event, "invokingEvent")
    if is_oversized_changed_notification(invoking_event["messageType"]):
        configuration_item_summary = check_defined(
            invoking_event["configurationItemSummary"], "configurationItemSummary"
        )
        return get_configuration(
            configuration_item_summary["resourceType"],
            configuration_item_summary["resourceId"],
            configuration_item_summary["configurationItemCaptureTime"],
        )
    return check_defined(invoking_event["configurationItem"], "configurationItem")


def is_applicable(configuration_item, event):
    """Determine if the configuration item should be evaluated."""
    try:
        check_defined(configuration_item, "configurationItem")
        check_defined(event, "event")
    except:
        return True
    status = configuration_item["configurationItemStatus"]
    event_left_scope = event["eventLeftScope"]
    if status == "ResourceDeleted":
        print("Resource Deleted, setting Compliance Status to NOT_APPLICABLE.")

    return status in ("OK", "ResourceDiscovered") and not event_left_scope


def build_evaluation(configuration_item, event, rule_parameters):
    """Build an evaluation result for AWS Config."""
    compliance_value = "NOT_APPLICABLE"
    if is_applicable(configuration_item, event):
        compliance_value = evaluate_compliance(configuration_item, rule_parameters)

    return {
        "ComplianceResourceType": configuration_item["resourceType"],
        "ComplianceResourceId": configuration_item["resourceId"],
        "ComplianceType": compliance_value,
        "OrderingTimestamp": configuration_item["configurationItemCaptureTime"],
    }


def evaluate_parameters(rule_parameters):
    """Validate rule parameters."""
    if "applicableResourceType" not in rule_parameters:
        raise ValueError(
            'The parameter with "applicableResourceType" as key must be defined.'
        )
    if not rule_parameters["applicableResourceType"]:
        raise ValueError(
            'The parameter "applicableResourceType" must have a defined value.'
        )
    return rule_parameters


def get_configuration_items(resource_type):
    """Get all configuration items for a specific resource type."""
    resource_keys = list_discovered_resources(resource_type)
    resource_configs = batch_get_resource_config(resource_keys)
    configuration_items = []
    for rc in resource_configs:
        configuration_items.append(
            get_configuration(
                rc["resourceType"],
                rc["resourceId"],
            )
        )
    return configuration_items


def list_discovered_resources(resource_type):
    """List all discovered resources of a given type."""
    response = AWS_CONFIG_CLIENT.list_discovered_resources(resourceType=resource_type)
    resources = [
        {"resourceType": r["resourceType"], "resourceId": r["resourceId"]}
        for r in response["resourceIdentifiers"]
    ]
    while "nextToken" in response:
        response = AWS_CONFIG_CLIENT.list_discovered_resources(
            resourceType=resource_type, nextToken=response["nextToken"]
        )
        resources.extend(
            [
                {"resourceType": r["resourceType"], "resourceId": r["resourceId"]}
                for r in response["resourceIdentifiers"]
            ]
        )
    return resources


def batch_get_resource_config(resource_keys):
    """Batch retrieve resource configurations."""
    if len(resource_keys) == 0:
        return []
    response = AWS_CONFIG_CLIENT.batch_get_resource_config(resourceKeys=resource_keys)
    resources = [
        {
            "resourceType": r["resourceType"],
            "resourceId": r["resourceId"],
            "configurationItemCaptureTime": r["configurationItemCaptureTime"],
        }
        for r in response["baseConfigurationItems"]
    ]
    while len(response["unprocessedResourceKeys"]) > 0:
        response = AWS_CONFIG_CLIENT.batch_get_resource_config(
            resourceKeys=response["unprocessedResourceKeys"]
        )
        resources.extend(
            [
                {
                    "resourceType": r["resourceType"],
                    "resourceId": r["resourceId"],
                    "configurationItemCaptureTime": r["configurationItemCaptureTime"],
                }
                for r in response["baseConfigurationItems"]
            ]
        )
    return resources


def lambda_handler(event, context):
    """Main Lambda handler for Config rule evaluation."""
    check_defined(event, "event")
    invoking_event = json.loads(event["invokingEvent"])
    rule_parameters = (
        json.loads(event["ruleParameters"]) if "ruleParameters" in event else {}
    )
    match invoking_event["messageType"]:
        case "ScheduledNotification":
            valid_rule_parameters = evaluate_parameters(rule_parameters)
            evaluations = [
                build_evaluation(
                    configuration_item,
                    event,
                    valid_rule_parameters,
                )
                for configuration_item in get_configuration_items(
                    valid_rule_parameters["applicableResourceType"]
                )
            ]
        case "ConfigurationItemChangeNotification" | "OversizedConfigurationItemChangeNotification":
            configuration_item = get_configuration_item(invoking_event)
            evaluations = [
                build_evaluation(
                    configuration_item,
                    event,
                    rule_parameters,
                ),
            ]
        case _:
            return build_internal_error_response(
                "Unexpected message type", str(invoking_event)
            )
    AWS_CONFIG_CLIENT.put_evaluations(
        Evaluations=evaluations,
        ResultToken=event["resultToken"],
    )


def build_internal_error_response(internal_error_message, internal_error_details=None):
    """Build an internal error response."""
    return build_error_response(
        internal_error_message, internal_error_details, "InternalError", "InternalError"
    )


def build_error_response(
    internal_error_message,
    internal_error_details=None,
    customer_error_code=None,
    customer_error_message=None,
):
    """Build a generic error response."""
    error_response = {
        "internalErrorMessage": internal_error_message,
        "internalErrorDetails": internal_error_details,
        "customerErrorMessage": customer_error_message,
        "customerErrorCode": customer_error_code,
    }
    print(error_response)
    return error_response


# ========================================
# Rule Evaluators
# ========================================


def ebs_gp3_evaluate_compliance(configuration_item, valid_rule_parameters):
    """
    Evaluate if an EBS volume is using gp2 (non-compliant) or gp3 (compliant).
    
    Args:
        configuration_item: The AWS Config configuration item for the EBS volume
        valid_rule_parameters: Rule parameters including desiredVolumeType
        
    Returns:
        str: 'COMPLIANT', 'NON_COMPLIANT', or 'NOT_APPLICABLE'
    """
    volume_type = configuration_item["configuration"]["volumeType"]
    
    # gp2 volumes are always non-compliant (should be upgraded to gp3)
    if volume_type == "gp2":
        return "NON_COMPLIANT"
    
    # Check if volume matches the desired type (typically gp3)
    if volume_type == valid_rule_parameters.get("desiredVolumeType", "gp3"):
        return "COMPLIANT"

    return "NOT_APPLICABLE"


def ebs_unattached_evaluate_compliance(configuration_item, valid_rule_parameters):
    """
    Evaluate if an EBS volume is attached to an EC2 instance.
    
    Args:
        configuration_item: The AWS Config configuration item for the EBS volume
        valid_rule_parameters: Rule parameters (not used in this rule)
        
    Returns:
        str: 'COMPLIANT' if attached, 'NON_COMPLIANT' if unattached
    """
    attachments = configuration_item["configuration"].get("attachments", [])
    
    # If no attachments or empty attachments list, volume is unattached
    if not attachments or len(attachments) == 0:
        return "NON_COMPLIANT"
    
    return "COMPLIANT"


def s3_withoutlifecycle_evaluate_compliance(configuration_item, valid_rule_parameters):
    """
    Evaluate if an S3 bucket has a lifecycle configuration.
    
    Args:
        configuration_item: The AWS Config configuration item for the S3 bucket
        valid_rule_parameters: Rule parameters (not used in this rule)
        
    Returns:
        str: 'COMPLIANT' if lifecycle policy exists, 'NON_COMPLIANT' otherwise
    """
    try:
        s3 = boto3.client("s3")
        bucket_name = configuration_item["resourceName"]
        
        lifecycle_configuration = s3.get_bucket_lifecycle_configuration(
            Bucket=bucket_name
        )
        
        # Check if lifecycle rules exist and are not empty
        if (
            "Rules" not in lifecycle_configuration
            or len(lifecycle_configuration["Rules"]) == 0
        ):
            return "NON_COMPLIANT"
        
        return "COMPLIANT"
    except Exception as ex:
        # NoSuchLifecycleConfiguration means no lifecycle policy exists
        if "NoSuchLifecycleConfiguration" in str(ex):
            return "NON_COMPLIANT"
        else:
            # Re-raise other exceptions
            raise ex
",
        },
        "Description": "Evaluates cost optimization Config rules for EBS and S3",
        "FunctionName": "CostOptimizationConformanceConfigRuleFunction",
        "Handler": "index.lambda_handler",
        "Role": {
          "Fn::GetAtt": [
            "CustomConfigFunctionRole80E9182A",
            "Arn",
          ],
        },
        "Runtime": "python3.12",
        "Timeout": 60,
      },
      "Type": "AWS::Lambda::Function",
    },
    "CustomConfigFunctionRole80E9182A": {
      "Properties": {
        "AssumeRolePolicyDocument": {
          "Statement": [
            {
              "Action": "sts:AssumeRole",
              "Effect": "Allow",
              "Principal": {
                "Service": "lambda.amazonaws.com",
              },
            },
          ],
          "Version": "2012-10-17",
        },
        "ManagedPolicyArns": [
          {
            "Fn::Join": [
              "",
              [
                "arn:",
                {
                  "Ref": "AWS::Partition",
                },
                ":iam::aws:policy/service-role/AWSLambdaBasicExecutionRole",
              ],
            ],
          },
          {
            "Fn::Join": [
              "",
              [
                "arn:",
                {
                  "Ref": "AWS::Partition",
                },
                ":iam::aws:policy/service-role/AWSConfigRulesExecutionRole",
              ],
            ],
          },
        ],
        "Policies": [
          {
            "PolicyDocument": {
              "Statement": [
                {
                  "Action": "s3:GetLifecycleConfiguration",
                  "Effect": "Allow",
                  "Resource": "*",
                },
              ],
              "Version": "2012-10-17",
            },
            "PolicyName": "S3LifecyclePolicy",
          },
        ],
      },
      "Type": "AWS::IAM::Role",
    },
    "EbsGp3Rule7358C22A": {
      "DependsOn": [
        "ConfigDeliveryChannel",
        "ConfigRecorder",
        "CustomConfigFunctionConfigPermission95034347",
        "CustomConfigFunctionCustomRulePermissionXogMcOcBfKkfAgTC3zxpecyWNuSNTUwy6QrCZdRtCdw58BB1932",
        "CustomConfigFunctionDE240346",
      ],
      "Properties": {
        "ConfigRuleName": "CostOpt-Ebs-Gp3",
        "Description": "Checks that EBS volumes use gp3 volume type instead of gp2",
        "InputParameters": {
          "applicableResourceType": "AWS::EC2::Volume",
          "customFunctionPrefix": "ebs_gp3",
          "desiredVolumeType": "gp3",
        },
        "MaximumExecutionFrequency": "Six_Hours",
        "Scope": {
          "ComplianceResourceTypes": [
            "AWS::EC2::Volume",
          ],
        },
        "Source": {
          "Owner": "CUSTOM_LAMBDA",
          "SourceDetails": [
            {
              "EventSource": "aws.config",
              "MessageType": "ConfigurationItemChangeNotification",
            },
            {
              "EventSource": "aws.config",
              "MessageType": "OversizedConfigurationItemChangeNotification",
            },
            {
              "EventSource": "aws.config",
              "MaximumExecutionFrequency": "Six_Hours",
              "MessageType": "ScheduledNotification",
            },
          ],
          "SourceIdentifier": {
            "Fn::GetAtt": [
              "CustomConfigFunctionDE240346",
              "Arn",
            ],
          },
        },
      },
      "Type": "AWS::Config::ConfigRule",
    },
    "EbsUnattachedRule5949FCA3": {
      "DependsOn": [
        "ConfigDeliveryChannel",
        "ConfigRecorder",
        "CustomConfigFunctionConfigPermission95034347",
        "CustomConfigFunctionCustomRulePermissionXogMcOcBfKkfAgTC3zxpecyWNuSNTUwy6QrCZdRtCdw58BB1932",
        "CustomConfigFunctionDE240346",
      ],
      "Properties": {
        "ConfigRuleName": "CostOpt-Ebs-Unattached",
        "Description": "Checks that EBS volumes are attached to EC2 instances",
        "InputParameters": {
          "applicableResourceType": "AWS::EC2::Volume",
          "customFunctionPrefix": "ebs_unattached",
        },
        "MaximumExecutionFrequency": "Six_Hours",
        "Scope": {
          "ComplianceResourceTypes": [
            "AWS::EC2::Volume",
          ],
        },
        "Source": {
          "Owner": "CUSTOM_LAMBDA",
          "SourceDetails": [
            {
              "EventSource": "aws.config",
              "MessageType": "ConfigurationItemChangeNotification",
            },
            {
              "EventSource": "aws.config",
              "MessageType": "OversizedConfigurationItemChangeNotification",
            },
            {
              "EventSource": "aws.config",
              "MaximumExecutionFrequency": "Six_Hours",
              "MessageType": "ScheduledNotification",
            },
          ],
          "SourceIdentifier": {
            "Fn::GetAtt": [
              "CustomConfigFunctionDE240346",
              "Arn",
            ],
          },
        },
      },
      "Type": "AWS::Config::ConfigRule",
    },
    "S3LifecycleRule40C6FFE0": {
      "DependsOn": [
        "ConfigDeliveryChannel",
        "ConfigRecorder",
        "CustomConfigFunctionConfigPermission95034347",
        "CustomConfigFunctionCustomRulePermissionXogMcOcBfKkfAgTC3zxpecyWNuSNTUwy6QrCZdRtCdw58BB1932",
        "CustomConfigFunctionDE240346",
      ],
      "Properties": {
        "ConfigRuleName": "CostOpt-S3-WithoutLifecycle",
        "Description": "Checks that S3 buckets have lifecycle configuration policies",
        "InputParameters": {
          "applicableResourceType": "AWS::S3::Bucket",
          "customFunctionPrefix": "s3_withoutlifecycle",
        },
        "MaximumExecutionFrequency": "Six_Hours",
        "Scope": {
          "ComplianceResourceTypes": [
            "AWS::S3::Bucket",
          ],
        },
        "Source": {
          "Owner": "CUSTOM_LAMBDA",
          "SourceDetails": [
            {
              "EventSource": "aws.config",
              "MessageType": "ConfigurationItemChangeNotification",
            },
            {
              "EventSource": "aws.config",
              "MessageType": "OversizedConfigurationItemChangeNotification",
            },
            {
              "EventSource": "aws.config",
              "MaximumExecutionFrequency": "Six_Hours",
              "MessageType": "ScheduledNotification",
            },
          ],
          "SourceIdentifier": {
            "Fn::GetAtt": [
              "CustomConfigFunctionDE240346",
              "Arn",
            ],
          },
        },
      },
      "Type": "AWS::Config::ConfigRule",
    },
  },
  "Rules": {
    "CheckBootstrapVersion": {
      "Assertions": [
        {
          "Assert": {
            "Fn::Not": [
              {
                "Fn::Contains": [
                  [
                    "1",
                    "2",
                    "3",
                    "4",
                    "5",
                  ],
                  {
                    "Ref": "BootstrapVersion",
                  },
                ],
              },
            ],
          },
          "AssertDescription": "CDK bootstrap stack version 6 required. Please run 'cdk bootstrap' with a recent version of the CDK CLI.",
        },
      ],
    },
  },
}
`;
